array at this position is 0
array at this position is 1
array at this position is 0
array at this position is 1
array at this position is 0
array at this position is 1
array at this position is 0
array at this position is 1
array at this position is 0
array at this position is 1
*** RUNTIME ERROR ***: Array out of Bounds access in method "main"
