a[0]: 100
a[1]: 101
a[2]: 102
a[3]: 103
a[4]: 104
a[5]: 105
a[6]: 106
a[7]: 107
i0: 990
i1: 991
i2: 992
i3: 993
i4: 994
i5: 995
