a[0]:  0,     i:  0
a[0]: 97,     i:  0
a[0]: 97,     i:  1
