max: 2147483647
max+: -2147483648
min: -2147483648
min-: 2147483647
