This branch has no return.
Last statement.
*** RUNTIME ERROR ***: Control fell off non-void method