This should happen only once!
Also, this should happen only once!
