in loop: 3
in loop: 4
in loop: 5
in loop: 6
in loop: 7
done
